<div><tr class="danger"><td>0</td><td><a>no.0</a></td><td><a> remove </a></td></tr><tr><td>1</td><td><a>no.1</a></td><td><a> remove </a></td></tr><tr><td>2</td><td><a>no.2</a></td><td><a> remove </a></td></tr></div>
