// Vitest Snapshot v1, https://vitest.dev/guide/snapshot.html

exports[`compiler: children transform > children & sibling references 1`] = `
"import { next as _next, createTextNode as _createTextNode, insert as _insert, renderEffect as _renderEffect, setText as _setText, template as _template } from 'vue/vapor';
const t0 = _template("<div><p></p> <!><p></p></div>")

export function render(_ctx, $props) {
  const n4 = t0()
  const n0 = n4.firstChild
  const n3 = _next(n0, 2)
  const n2 = n3.nextSibling
  const n1 = _createTextNode(() => [_ctx.second, " ", _ctx.third, " "])
  _insert(n1, n4, n3)
  _renderEffect(() => _setText(n0, _ctx.first))
  _renderEffect(() => _setText(n2, _ctx.forth))
  return n4
}"
`;
