// Vitest Snapshot v1, https://vitest.dev/guide/snapshot.html

exports[`compiler v-bind > .attr modifier 1`] = `
"import { renderEffect as _renderEffect, setAttr as _setAttr, template as _template } from 'vue/vapor';
const t0 = _template("<div></div>")

export function render(_ctx, $props) {
  const n0 = t0()
  _renderEffect(() => _setAttr(n0, "foo-bar", _ctx.id))
  return n0
}"
`;

exports[`compiler v-bind > .attr modifier w/ no expression 1`] = `
"import { renderEffect as _renderEffect, setAttr as _setAttr, template as _template } from 'vue/vapor';
const t0 = _template("<div></div>")

export function render(_ctx, $props) {
  const n0 = t0()
  _renderEffect(() => _setAttr(n0, "foo-bar", _ctx.fooBar))
  return n0
}"
`;

exports[`compiler v-bind > .camel modifier 1`] = `
"import { renderEffect as _renderEffect, setDynamicProp as _setDynamicProp, template as _template } from 'vue/vapor';
const t0 = _template("<div></div>")

export function render(_ctx, $props) {
  const n0 = t0()
  _renderEffect(() => _setDynamicProp(n0, "fooBar", _ctx.id))
  return n0
}"
`;

exports[`compiler v-bind > .camel modifier w/ dynamic arg 1`] = `
"import { camelize as _camelize } from 'vue';
import { renderEffect as _renderEffect, setDynamicProps as _setDynamicProps, template as _template } from 'vue/vapor';
const t0 = _template("<div></div>")

export function render(_ctx, $props) {
  const n0 = t0()
  _renderEffect(() => _setDynamicProps(n0, { [_camelize(_ctx.foo)]: _ctx.id }))
  return n0
}"
`;

exports[`compiler v-bind > .camel modifier w/ no expression 1`] = `
"import { renderEffect as _renderEffect, setDynamicProp as _setDynamicProp, template as _template } from 'vue/vapor';
const t0 = _template("<div></div>")

export function render(_ctx, $props) {
  const n0 = t0()
  _renderEffect(() => _setDynamicProp(n0, "fooBar", _ctx.fooBar))
  return n0
}"
`;

exports[`compiler v-bind > .prop modifier (shortband) w/ no expression 1`] = `
"import { renderEffect as _renderEffect, setDOMProp as _setDOMProp, template as _template } from 'vue/vapor';
const t0 = _template("<div></div>")

export function render(_ctx, $props) {
  const n0 = t0()
  _renderEffect(() => _setDOMProp(n0, "fooBar", _ctx.fooBar))
  return n0
}"
`;

exports[`compiler v-bind > .prop modifier (shorthand) 1`] = `
"import { renderEffect as _renderEffect, setDOMProp as _setDOMProp, template as _template } from 'vue/vapor';
const t0 = _template("<div></div>")

export function render(_ctx, $props) {
  const n0 = t0()
  _renderEffect(() => _setDOMProp(n0, "fooBar", _ctx.id))
  return n0
}"
`;

exports[`compiler v-bind > .prop modifier 1`] = `
"import { renderEffect as _renderEffect, setDOMProp as _setDOMProp, template as _template } from 'vue/vapor';
const t0 = _template("<div></div>")

export function render(_ctx, $props) {
  const n0 = t0()
  _renderEffect(() => _setDOMProp(n0, "fooBar", _ctx.id))
  return n0
}"
`;

exports[`compiler v-bind > .prop modifier w/ dynamic arg 1`] = `
"import { renderEffect as _renderEffect, setDynamicProps as _setDynamicProps, template as _template } from 'vue/vapor';
const t0 = _template("<div></div>")

export function render(_ctx, $props) {
  const n0 = t0()
  _renderEffect(() => _setDynamicProps(n0, { ["." + _ctx.fooBar]: _ctx.id }))
  return n0
}"
`;

exports[`compiler v-bind > .prop modifier w/ no expression 1`] = `
"import { renderEffect as _renderEffect, setDOMProp as _setDOMProp, template as _template } from 'vue/vapor';
const t0 = _template("<div></div>")

export function render(_ctx, $props) {
  const n0 = t0()
  _renderEffect(() => _setDOMProp(n0, "fooBar", _ctx.fooBar))
  return n0
}"
`;

exports[`compiler v-bind > basic 1`] = `
"import { renderEffect as _renderEffect, setDynamicProp as _setDynamicProp, template as _template } from 'vue/vapor';
const t0 = _template("<div></div>")

export function render(_ctx, $props) {
  const n0 = t0()
  _renderEffect(() => _setDynamicProp(n0, "id", _ctx.id))
  return n0
}"
`;

exports[`compiler v-bind > dynamic arg 1`] = `
"import { renderEffect as _renderEffect, setDynamicProps as _setDynamicProps, template as _template } from 'vue/vapor';
const t0 = _template("<div></div>")

export function render(_ctx, $props) {
  const n0 = t0()
  _renderEffect(() => _setDynamicProps(n0, { [_ctx.id]: _ctx.id, [_ctx.title]: _ctx.title }))
  return n0
}"
`;

exports[`compiler v-bind > dynamic arg w/ static attribute 1`] = `
"import { renderEffect as _renderEffect, setDynamicProps as _setDynamicProps, template as _template } from 'vue/vapor';
const t0 = _template("<div></div>")

export function render(_ctx, $props) {
  const n0 = t0()
  _renderEffect(() => _setDynamicProps(n0, { [_ctx.id]: _ctx.id, foo: "bar", checked: "" }))
  return n0
}"
`;

exports[`compiler v-bind > no expression (shorthand) 1`] = `
"import { renderEffect as _renderEffect, setDynamicProp as _setDynamicProp, template as _template } from 'vue/vapor';
const t0 = _template("<div></div>")

export function render(_ctx, $props) {
  const n0 = t0()
  _renderEffect(() => _setDynamicProp(n0, "camel-case", _ctx.camelCase))
  return n0
}"
`;

exports[`compiler v-bind > no expression 1`] = `
"import { renderEffect as _renderEffect, setDynamicProp as _setDynamicProp, template as _template } from 'vue/vapor';
const t0 = _template("<div></div>")

export function render(_ctx, $props) {
  const n0 = t0()
  _renderEffect(() => _setDynamicProp(n0, "id", _ctx.id))
  return n0
}"
`;

exports[`compiler v-bind > should error if empty expression 1`] = `
"import { template as _template } from 'vue/vapor';
const t0 = _template("<div arg></div>")

export function render(_ctx, $props) {
  const n0 = t0()
  return n0
}"
`;
