// Vitest Snapshot v1, https://vitest.dev/guide/snapshot.html

exports[`v-html > should convert v-html to innerHTML 1`] = `
"import { renderEffect as _renderEffect, setHtml as _setHtml, template as _template } from 'vue/vapor';
const t0 = _template("<div></div>")

export function render(_ctx, $props) {
  const n0 = t0()
  _renderEffect(() => _setHtml(n0, _ctx.code))
  return n0
}"
`;

exports[`v-html > should raise error and ignore children when v-html is present 1`] = `
"import { renderEffect as _renderEffect, setHtml as _setHtml, template as _template } from 'vue/vapor';
const t0 = _template("<div></div>")

export function render(_ctx, $props) {
  const n0 = t0()
  _renderEffect(() => _setHtml(n0, _ctx.test))
  return n0
}"
`;

exports[`v-html > should raise error if has no expression 1`] = `
"import { setHtml as _setHtml, template as _template } from 'vue/vapor';
const t0 = _template("<div></div>")

export function render(_ctx, $props) {
  const n0 = t0()
  _setHtml(n0, "")
  return n0
}"
`;
