// Vitest Snapshot v1, https://vitest.dev/guide/snapshot.html

exports[`v-text > should convert v-text to textContent 1`] = `
"import { renderEffect as _renderEffect, setText as _setText, template as _template } from 'vue/vapor';
const t0 = _template("<div></div>")

export function render(_ctx, $props) {
  const n0 = t0()
  _renderEffect(() => _setText(n0, _ctx.str))
  return n0
}"
`;

exports[`v-text > should raise error and ignore children when v-text is present 1`] = `
"import { renderEffect as _renderEffect, setText as _setText, template as _template } from 'vue/vapor';
const t0 = _template("<div></div>")

export function render(_ctx, $props) {
  const n0 = t0()
  _renderEffect(() => _setText(n0, _ctx.test))
  return n0
}"
`;

exports[`v-text > should raise error if has no expression 1`] = `
"import { template as _template } from 'vue/vapor';
const t0 = _template("<div></div>")

export function render(_ctx, $props) {
  const n0 = t0()
  return n0
}"
`;
